C:\Users\Gravel\Desktop\project-fightingartichokes-1Delta compression using up to 4 threads.
Compressing objects: 100% (14/14), done.
Writing objects: 100% (14/14), 13.84 KiB | 0 bytes/s, done.
Total 14 (delta 7), reused 0 (delta 0)
remote: Resolving deltas: 100% (7/7), completed with 7 local objects.
To https://github.com/DanGravel/TFTP.git
   b6f043b..a6c0a39  Iteration2 -> Iteration2
C:\Users\Gravel\Desktop\New folder\TFTP [Iteration2 =]> git branch
* Iteration2
  ServerErrorHandling
  clientErrorHandling
  clientSendandReceive
  clientSettings
  fixingServerSteadStateTransfer
  master
C:\Users\Gravel\Desktop\New folder\TFTP [Iteration2 =]> git checkout clientErrorHandling
Switched to branch 'clientErrorHandling'
Your branch is behind 'origin/clientErrorHandling' by 4 commits, and can be fast-forwarded.
  (use "git pull" to update your local branch)
C:\Users\Gravel\Desktop\New folder\TFTP [clientErrorHandling ?]> git pull
Updating cebaa6a..852ede6
Fast-forward
 bin/.gitignore                    |  10 ---------
 bin/FileTransferClient$Mode.class | Bin 1046 -> 1046 bytes
 bin/FileTransferClient.class      | Bin 9843 -> 9851 bytes
 bin/FileTransferServer.class      | Bin 8496 -> 8496 bytes
 bin/Printer.class                 | Bin 2754 -> 2790 bytes
 src/FileTransferClient.java       |  43 ++++++++++++++++++++------------------
 src/FileTransferServer.java       |   2 +-
 src/Printer.java                  |  14 ++++++-------
 8 files changed, 31 insertions(+), 38 deletions(-)
 delete mode 100644 bin/.gitignore
C:\Users\Gravel\Desktop\New folder\TFTP [clientErrorHandling =]> git stash pop
Auto-merging src/FileTransferClient.java
CONFLICT (content): Merge conflict in src/FileTransferClient.java
C:\Users\Gravel\Desktop\New folder\TFTP [clientErrorHandling = +0 ~0 -0 !1 | +0 ~0 -0 !1 !]> git push
Everything up-to-date
C:\Users\Gravel\Desktop\New folder\TFTP [clientErrorHandling = +0 ~0 -0 !1 | +0 ~0 -0 !1 !]> git add .
C:\Users\Gravel\Desktop\New folder\TFTP [clientErrorHandling = +1 ~3 -0 ~]> git commit -m "Added timeout so that if a response is not received it will resend"
[clientErrorHandling 01e29ec] Added timeout so that if a response is not received it will resend
 4 files changed, 78 insertions(+), 55 deletions(-)
 rewrite bin/FileTransferClient.class (78%)
 create mode 100644 bin/Host$RequestType.class
C:\Users\Gravel\Desktop\New folder\TFTP [clientErrorHandling ?]> git push
Counting objects: 8, done.
Delta compression using up to 4 threads.
Compressing objects: 100% (8/8), done.
Writing objects: 100% (8/8), 6.91 KiB | 0 bytes/s, done.
Total 8 (delta 5), reused 0 (delta 0)
remote: Resolving deltas: 100% (5/5), completed with 5 local objects.
To https://github.com/DanGravel/TFTP.git
   852ede6..01e29ec  clientErrorHandling -> clientErrorHandling
C:\Users\Gravel\Desktop\New folder\TFTP [clientErrorHandling =]> git add .
C:\Users\Gravel\Desktop\New folder\TFTP [clientErrorHandling = +0 ~6 -1 ~]> git commit -m "changed receivefile in host to timeout"
[clientErrorHandling 0063b39] changed receivefile in host to timeout
 7 files changed, 147 insertions(+), 142 deletions(-)
 rewrite bin/FileTransferClient$Mode.class (93%)
 rewrite bin/FileTransferClient.class (94%)
 rewrite bin/FileTransferServer.class (96%)
 delete mode 100644 bin/Host$RequestType.class
 rewrite bin/Host.class (65%)
 rewrite src/Host.java (93%)
C:\Users\Gravel\Desktop\New folder\TFTP [clientErrorHandling ?]> git push
Counting objects: 10, done.
Delta compression using up to 4 threads.
Compressing objects: 100% (10/10), done.
Writing objects: 100% (10/10), 6.48 KiB | 0 bytes/s, done.
Total 10 (delta 6), reused 0 (delta 0)
remote: Resolving deltas: 100% (6/6), completed with 5 local objects.
To https://github.com/DanGravel/TFTP.git
   01e29ec..0063b39  clientErrorHandling -> clientErrorHandling
C:\Users\Gravel\Desktop\New folder\TFTP [clientErrorHandling =]> git add .
warning: LF will be replaced by CRLF in bin/.gitignore.
The file will have its original line endings in your working directory.
C:\Users\Gravel\Desktop\New folder\TFTP [clientErrorHandling = +2 ~4 -0 ~]> git commit -m "added RequestType.java"
[clientErrorHandling c67cd2a] added RequestType.java
 6 files changed, 96 insertions(+), 142 deletions(-)
 create mode 100644 bin/.gitignore
 rewrite bin/FileTransferClient$Mode.class (97%)
 rewrite bin/FileTransferClient.class (99%)
 rewrite bin/FileTransferServer.class (88%)
 create mode 100644 src/RequestType.java
C:\Users\Gravel\Desktop\New folder\TFTP [clientErrorHandling ?]> git push
Counting objects: 10, done.
Delta compression using up to 4 threads.
Compressing objects: 100% (9/9), done.
Writing objects: 100% (10/10), 10.32 KiB | 0 bytes/s, done.
Total 10 (delta 4), reused 1 (delta 0)
remote: Resolving deltas: 100% (4/4), completed with 4 local objects.
To https://github.com/DanGravel/TFTP.git
   0063b39..c67cd2a  clientErrorHandling -> clientErrorHandling
C:\Users\Gravel\Desktop\New folder\TFTP [clientErrorHandling =]> git add .
C:\Users\Gravel\Desktop\New folder\TFTP [clientErrorHandling = +0 ~2 -0 ~]> git commit -m "Now possible to change systempath"
[clientErrorHandling 636324b] Now possible to change systempath
 2 files changed, 5 insertions(+), 1 deletion(-)
 rewrite bin/FileTransferClient.class (61%)
C:\Users\Gravel\Desktop\New folder\TFTP [clientErrorHandling ?]> git push
Counting objects: 6, done.
Delta compression using up to 4 threads.
Compressing objects: 100% (6/6), done.
Writing objects: 100% (6/6), 3.62 KiB | 0 bytes/s, done.
Total 6 (delta 5), reused 0 (delta 0)
remote: Resolving deltas: 100% (5/5), completed with 5 local objects.
To https://github.com/DanGravel/TFTP.git
   c67cd2a..636324b  clientErrorHandling -> clientErrorHandling
C:\Users\Gravel\Desktop\New folder\TFTP [clientErrorHandling =]> git add .
C:\Users\Gravel\Desktop\New folder\TFTP [clientErrorHandling = +0 ~4 -0 ~]> git diff
C:\Users\Gravel\Desktop\New folder\TFTP [clientErrorHandling = +0 ~4 -0 ~]> git commit -m "Parsed file paths better"
[clientErrorHandling 03e4367] Parsed file paths better
 4 files changed, 44 insertions(+), 25 deletions(-)
 rewrite bin/FileTransferClient.class (91%)
C:\Users\Gravel\Desktop\New folder\TFTP [clientErrorHandling ?]> git push
Counting objects: 8, done.
Delta compression using up to 4 threads.
Compressing objects: 100% (8/8), done.
Writing objects: 100% (8/8), 7.43 KiB | 0 bytes/s, done.
Total 8 (delta 6), reused 0 (delta 0)
remote: Resolving deltas: 100% (6/6), completed with 6 local objects.
To https://github.com/DanGravel/TFTP.git
   636324b..03e4367  clientErrorHandling -> clientErrorHandling
C:\Users\Gravel\Desktop\New folder\TFTP [clientErrorHandling =]> git add .
C:\Users\Gravel\Desktop\New folder\TFTP [clientErrorHandling = +0 ~8 -0 ~]> git commit -m "If server doesnt respond returns and re-prompts user"
[clientErrorHandling dec420d] If server doesnt respond returns and re-prompts user
 8 files changed, 47 insertions(+), 13 deletions(-)
 rewrite bin/FileTransferServer.class (80%)
 rewrite bin/Printer.class (66%)
C:\Users\Gravel\Desktop\New folder\TFTP [clientErrorHandling ?]> git push
Counting objects: 12, done.
Delta compression using up to 4 threads.
Compressing objects: 100% (12/12), done.
Writing objects: 100% (12/12), 10.44 KiB | 0 bytes/s, done.
Total 12 (delta 9), reused 0 (delta 0)
remote: Resolving deltas: 100% (9/9), completed with 9 local objects.
To https://github.com/DanGravel/TFTP.git
   03e4367..dec420d  clientErrorHandling -> clientErrorHandling
C:\Users\Gravel\Desktop\New folder\TFTP [clientErrorHandling =]> git add .
C:\Users\Gravel\Desktop\New folder\TFTP [clientErrorHandling = +0 ~3 -0 ~]> git commit -m "Added ls command to view files in directory"
[clientErrorHandling 07a7a9a] Added ls command to view files in directory
 3 files changed, 21 insertions(+), 18 deletions(-)
 rewrite bin/FileTransferClient.class (72%)
C:\Users\Gravel\Desktop\New folder\TFTP [clientErrorHandling ?]> git push
Counting objects: 7, done.
Delta compression using up to 4 threads.
Compressing objects: 100% (7/7), done.
Writing objects: 100% (7/7), 6.56 KiB | 0 bytes/s, done.
Total 7 (delta 5), reused 0 (delta 0)
remote: Resolving deltas: 100% (5/5), completed with 5 local objects.
To https://github.com/DanGravel/TFTP.git
   dec420d..07a7a9a  clientErrorHandling -> clientErrorHandling
C:\Users\Gravel\Desktop\New folder\TFTP [clientErrorHandling =]> git add .
C:\Users\Gravel\Desktop\New folder\TFTP [clientErrorHandling = +0 ~3 -0 ~]> git commit -m "minor changes"
[clientErrorHandling d754478] minor changes
 3 files changed, 1 insertion(+), 3 deletions(-)
C:\Users\Gravel\Desktop\New folder\TFTP [clientErrorHandling ?]> git push
To https://github.com/DanGravel/TFTP.git
 ! [rejected]        clientErrorHandling -> clientErrorHandling (fetch first)
error: failed to push some refs to 'https://github.com/DanGravel/TFTP.git'
hint: Updates were rejected because the remote contains work that you do
hint: not have locally. This is usually caused by another repository pushing
hint: to the same ref. You may want to first integrate the remote changes
hint: (e.g., 'git pull ...') before pushing again.
hint: See the 'Note about fast-forwards' in 'git push --help' for details.
C:\Users\Gravel\Desktop\New folder\TFTP [clientErrorHandling ?]> git pull
remote: Counting objects: 78, done.
remote: Compressing objects: 100% (61/61), done.
remote: Total 78 (delta 36), reused 7 (delta 7), pack-reused 7
Unpacking objects: 100% (78/78), done.
From https://github.com/DanGravel/TFTP
   07a7a9a..defa882  clientErrorHandling -> origin/clientErrorHandling
 * [new branch]      ErrorSim_IT3        -> origin/ErrorSim_IT3
 * [new branch]      ErrorSim_IT3Dupl    -> origin/ErrorSim_IT3Dupl
 * [new branch]      Server_IT3          -> origin/Server_IT3
Merge made by the 'recursive' strategy.
 bin/.gitignore           | 10 +++++++++-
 bin/serverFiles/test.txt |  9 +++++++++
 src/serverFiles/test.txt |  9 +++++++++
 3 files changed, 27 insertions(+), 1 deletion(-)
 create mode 100644 bin/serverFiles/test.txt
 create mode 100644 src/serverFiles/test.txt
C:\Users\Gravel\Desktop\New folder\TFTP [clientErrorHandling ?]> git push
Counting objects: 11, done.
Delta compression using up to 4 threads.
Compressing objects: 100% (11/11), done.
Writing objects: 100% (11/11), 1.64 KiB | 0 bytes/s, done.
Total 11 (delta 9), reused 0 (delta 0)
remote: Resolving deltas: 100% (9/9), completed with 6 local objects.
To https://github.com/DanGravel/TFTP.git
   defa882..5a0b064  clientErrorHandling -> clientErrorHandling
C:\Users\Gravel\Desktop\New folder\TFTP [clientErrorHandling =]> C:\Users\Gravel\Desktop\project-fightingartichokes-1